2026-09-13T12:42:23Z INF Thank you for trying Cloudflare Tunnel. Doing so, without a Cloudflare account, is a quick way to experiment and try it out. However, be aware that these account-less Tunnels have no uptime guarantee, are subject to the Cloudflare Online Services Terms of Use (https://www.cloudflare.com/website-terms/), and Cloudflare reserves the right to investigate your use of Tunnels for violations of such terms. If you intend to use Tunnels in production you should use a pre-created named tunnel by following: https://developers.cloudflare.com/cloudflare-one/connections/connect-apps
2026-09-13T12:42:23Z INF Requesting new quick Tunnel on trycloudflare.com...
2026-09-13T12:42:26Z INF +--------------------------------------------------------------------------------------------+
2026-09-13T12:42:26Z INF |  Your quick Tunnel has been created! Visit it at (it may take some time to be reachable):  |
2026-09-13T12:42:26Z INF |  https://jennifer-geology-gst-viking.trycloudflare.com                                     |
2026-09-13T12:42:26Z INF +--------------------------------------------------------------------------------------------+
2026-09-13T12:42:26Z INF Cannot determine default configuration path. No file [config.yml config.yaml] in [~/.cloudflared ~/.cloudflare-warp ~/cloudflare-warp /etc/cloudflared /usr/local/etc/cloudflared]
2026-09-13T12:42:26Z INF Version 2026.9.1 (Checksum 03f1f25d1cc93b9ad6c60569d44060bc4f17ed97075760ed8cfca4b12dcd68cc)
2026-09-13T12:42:26Z INF GOOS: linux, GOVersion: go1.26.8, GoArch: amd64
2026-09-13T12:42:26Z INF Settings: map[ha-connections:1 protocol:quic url:http://localhost:8000]
2026-09-13T12:42:26Z INF cloudflared will not automatically update if installed by a package manager.
2026-09-13T12:42:26Z INF Generated Connector ID: 2f7dcdfd-3bb1-413a-8c2c-1058d1f3a64b
2026-09-13T12:42:26Z INF Initial protocol quic
2026-09-13T12:42:26Z INF ICMP proxy will use 172.22.103.1 as source for IPv4
2026-09-13T12:42:26Z INF ICMP proxy will use fe80::215:5dff:fe17:52fd in zone eth0 as source for IPv6
2026-09-13T12:42:26Z INF ICMP proxy will use 172.22.103.1 as source for IPv4
2026-09-13T12:42:26Z INF ICMP proxy will use fe80::215:5dff:fe17:52fd in zone eth0 as source for IPv6
2026-09-13T12:42:26Z INF Starting metrics server on 127.0.0.1:20242/metrics
2026-09-13T12:42:26Z INF Tunnel connection curve preferences: [X25519MLKEM768 CurveID(65074) CurveP256] connIndex=0 event=0 ip=198.41.200.233
2026-09-13T12:42:27Z INF Registered tunnel connection connIndex=0 connection=f0923205-e4af-4b36-ba85-eb3dd8e3c4d6 event=0 ip=198.41.200.233 location=sin07 protocol=quic
2026-09-13T12:42:33Z INF +-------------------------------------------------------------------------------------+
2026-09-13T12:42:33Z INF |                               CONNECTIVITY PRE-CHECKS                               |
2026-09-13T12:42:33Z INF +-------------------------------------------------------------------------------------+
2026-09-13T12:42:33Z INF |  COMPONENT         TARGET                     STATUS  DETAILS                       |
2026-09-13T12:42:33Z INF |  DNS Resolution    region1.v2.argotunnel.com  PASS    DNS Resolved successfully     |
2026-09-13T12:42:33Z INF |  DNS Resolution    region2.v2.argotunnel.com  PASS    DNS Resolved successfully     |
2026-09-13T12:42:33Z INF |  UDP Connectivity  region1.v2.argotunnel.com  PASS    QUIC connection successful    |
2026-09-13T12:42:33Z INF |  UDP Connectivity  region2.v2.argotunnel.com  PASS    QUIC connection successful    |
2026-09-13T12:42:33Z INF |  TCP Connectivity  region1.v2.argotunnel.com  PASS    HTTP/2 connection successful  |
2026-09-13T12:42:33Z INF |  TCP Connectivity  region2.v2.argotunnel.com  PASS    HTTP/2 connection successful  |
2026-09-13T12:42:33Z INF |  Cloudflare API    api.cloudflare.com:443     PASS    API is reachable              |
2026-09-13T12:42:33Z INF |                                                                                     |
2026-09-13T12:42:33Z INF |  SUMMARY: Environment is healthy. cloudflared will use 'quic' as primary protocol.  |
2026-09-13T12:42:33Z INF +-------------------------------------------------------------------------------------+
2026-09-13T12:42:33Z INF precheck component="DNS Resolution" details="DNS Resolved successfully" run_id=ddd9d07a-c6ab-4564-916b-86d3fa13b924 status=pass target=region1.v2.argotunnel.com
2026-09-13T12:42:33Z INF precheck component="DNS Resolution" details="DNS Resolved successfully" run_id=ddd9d07a-c6ab-4564-916b-86d3fa13b924 status=pass target=region2.v2.argotunnel.com
2026-09-13T12:42:33Z INF precheck component="UDP Connectivity" details="QUIC connection successful" run_id=ddd9d07a-c6ab-4564-916b-86d3fa13b924 status=pass target=region1.v2.argotunnel.com
2026-09-13T12:42:33Z INF precheck component="UDP Connectivity" details="QUIC connection successful" run_id=ddd9d07a-c6ab-4564-916b-86d3fa13b924 status=pass target=region2.v2.argotunnel.com
2026-09-13T12:42:33Z INF precheck component="TCP Connectivity" details="HTTP/2 connection successful" run_id=ddd9d07a-c6ab-4564-916b-86d3fa13b924 status=pass target=region1.v2.argotunnel.com
2026-09-13T12:42:33Z INF precheck component="TCP Connectivity" details="HTTP/2 connection successful" run_id=ddd9d07a-c6ab-4564-916b-86d3fa13b924 status=pass target=region2.v2.argotunnel.com
2026-09-13T12:42:33Z INF precheck component="Cloudflare API" details="API is reachable" run_id=ddd9d07a-c6ab-4564-916b-86d3fa13b924 status=pass target=api.cloudflare.com:443
2026-09-13T12:42:33Z INF precheck complete hard_fail=false run_id=ddd9d07a-c6ab-4564-916b-86d3fa13b924 suggested_protocol=quic
